
> azahar-web@0.1.0 test /Users/santoscasta/Documents/azahar/apps/web
> pnpm test:unit


> azahar-web@0.1.0 test:unit /Users/santoscasta/Documents/azahar/apps/web
> tsc -p tsconfig.test.json && vitest run


 RUN  v1.6.1 /Users/santoscasta/Documents/azahar/apps/web

 ✓ src/pages/tasksSelectors.test.ts  (4 tests) 5ms
 ✓ src/lib/taskFilters.test.ts  (7 tests) 7ms
stderr | src/components/tasks/__tests__/TaskList.test.tsx > TaskList > renders tasks and triggers actions
⚠️ React Router Future Flag Warning: React Router will begin wrapping state updates in `React.startTransition` in v7. You can use the `v7_startTransition` future flag to opt-in early. For more information, see https://reactrouter.com/v6/upgrading/future#v7_starttransition.
⚠️ React Router Future Flag Warning: Relative route resolution within Splat routes is changing in v7. You can use the `v7_relativeSplatPath` future flag to opt-in early. For more information, see https://reactrouter.com/v6/upgrading/future#v7_relativesplatpath.

 ✓ src/components/tasks/__tests__/TaskList.test.tsx  (3 tests) 94ms
stderr | src/__tests__/TasksPage.desktop.test.tsx > TasksPage desktop > renders sidebar and task list on desktop
⚠️ React Router Future Flag Warning: React Router will begin wrapping state updates in `React.startTransition` in v7. You can use the `v7_startTransition` future flag to opt-in early. For more information, see https://reactrouter.com/v6/upgrading/future#v7_starttransition.
⚠️ React Router Future Flag Warning: Relative route resolution within Splat routes is changing in v7. You can use the `v7_relativeSplatPath` future flag to opt-in early. For more information, see https://reactrouter.com/v6/upgrading/future#v7_relativesplatpath.

stderr | src/components/tasks/__tests__/DesktopTaskBoardSwitcher.test.tsx > DesktopTaskBoardSwitcher > renders the project board when a project is selected
Error: Uncaught [Error: Could not find "store" in the context of "Connect(Droppable)". Either wrap the root component in a <Provider>, or pass a custom React context provider to <Provider> and the corresponding React context consumer to Connect(Droppable) in connect options.]
    at reportException (/Users/santoscasta/Documents/azahar/node_modules/.pnpm/jsdom@23.2.0/node_modules/jsdom/lib/jsdom/living/helpers/runtime-script-errors.js:66:24)
    at innerInvokeEventListeners (/Users/santoscasta/Documents/azahar/node_modules/.pnpm/jsdom@23.2.0/node_modules/jsdom/lib/jsdom/living/events/EventTarget-impl.js:353:9)
    at invokeEventListeners (/Users/santoscasta/Documents/azahar/node_modules/.pnpm/jsdom@23.2.0/node_modules/jsdom/lib/jsdom/living/events/EventTarget-impl.js:286:3)
    at HTMLUnknownElementImpl._dispatch (/Users/santoscasta/Documents/azahar/node_modules/.pnpm/jsdom@23.2.0/node_modules/jsdom/lib/jsdom/living/events/EventTarget-impl.js:233:9)
    at HTMLUnknownElementImpl.dispatchEvent (/Users/santoscasta/Documents/azahar/node_modules/.pnpm/jsdom@23.2.0/node_modules/jsdom/lib/jsdom/living/events/EventTarget-impl.js:104:17)
    at HTMLUnknownElement.dispatchEvent (/Users/santoscasta/Documents/azahar/node_modules/.pnpm/jsdom@23.2.0/node_modules/jsdom/lib/jsdom/living/generated/EventTarget.js:241:34)
    at Object.invokeGuardedCallbackDev (/Users/santoscasta/Documents/azahar/node_modules/.pnpm/react-dom@18.3.1_react@18.3.1/node_modules/react-dom/cjs/react-dom.development.js:4213:16)
    at invokeGuardedCallback (/Users/santoscasta/Documents/azahar/node_modules/.pnpm/react-dom@18.3.1_react@18.3.1/node_modules/react-dom/cjs/react-dom.development.js:4277:31)
    at beginWork$1 (/Users/santoscasta/Documents/azahar/node_modules/.pnpm/react-dom@18.3.1_react@18.3.1/node_modules/react-dom/cjs/react-dom.development.js:27490:7)
    at performUnitOfWork (/Users/santoscasta/Documents/azahar/node_modules/.pnpm/react-dom@18.3.1_react@18.3.1/node_modules/react-dom/cjs/react-dom.development.js:26599:12) Error: Could not find "store" in the context of "Connect(Droppable)". Either wrap the root component in a <Provider>, or pass a custom React context provider to <Provider> and the corresponding React context consumer to Connect(Droppable) in connect options.
    at ConnectFunction (/Users/santoscasta/Documents/azahar/node_modules/.pnpm/react-redux@9.2.0_@types+react@18.3.26_react@18.3.1_redux@5.0.1/node_modules/react-redux/src/components/connect.tsx:573:15)
    at renderWithHooks (/Users/santoscasta/Documents/azahar/node_modules/.pnpm/react-dom@18.3.1_react@18.3.1/node_modules/react-dom/cjs/react-dom.development.js:15486:18)
    at updateFunctionComponent (/Users/santoscasta/Documents/azahar/node_modules/.pnpm/react-dom@18.3.1_react@18.3.1/node_modules/react-dom/cjs/react-dom.development.js:19617:20)
    at updateSimpleMemoComponent (/Users/santoscasta/Documents/azahar/node_modules/.pnpm/react-dom@18.3.1_react@18.3.1/node_modules/react-dom/cjs/react-dom.development.js:19454:10)
    at updateMemoComponent (/Users/santoscasta/Documents/azahar/node_modules/.pnpm/react-dom@18.3.1_react@18.3.1/node_modules/react-dom/cjs/react-dom.development.js:19303:14)
    at beginWork (/Users/santoscasta/Documents/azahar/node_modules/.pnpm/react-dom@18.3.1_react@18.3.1/node_modules/react-dom/cjs/react-dom.development.js:21712:16)
    at HTMLUnknownElement.callCallback (/Users/santoscasta/Documents/azahar/node_modules/.pnpm/react-dom@18.3.1_react@18.3.1/node_modules/react-dom/cjs/react-dom.development.js:4164:14)
    at HTMLUnknownElement.callTheUserObjectsOperation (/Users/santoscasta/Documents/azahar/node_modules/.pnpm/jsdom@23.2.0/node_modules/jsdom/lib/jsdom/living/generated/EventListener.js:26:30)
    at innerInvokeEventListeners (/Users/santoscasta/Documents/azahar/node_modules/.pnpm/jsdom@23.2.0/node_modules/jsdom/lib/jsdom/living/events/EventTarget-impl.js:350:25)
    at invokeEventListeners (/Users/santoscasta/Documents/azahar/node_modules/.pnpm/jsdom@23.2.0/node_modules/jsdom/lib/jsdom/living/events/EventTarget-impl.js:286:3)
Error: Uncaught [Error: Could not find "store" in the context of "Connect(Droppable)". Either wrap the root component in a <Provider>, or pass a custom React context provider to <Provider> and the corresponding React context consumer to Connect(Droppable) in connect options.]
    at reportException (/Users/santoscasta/Documents/azahar/node_modules/.pnpm/jsdom@23.2.0/node_modules/jsdom/lib/jsdom/living/helpers/runtime-script-errors.js:66:24)
    at innerInvokeEventListeners (/Users/santoscasta/Documents/azahar/node_modules/.pnpm/jsdom@23.2.0/node_modules/jsdom/lib/jsdom/living/events/EventTarget-impl.js:353:9)
    at invokeEventListeners (/Users/santoscasta/Documents/azahar/node_modules/.pnpm/jsdom@23.2.0/node_modules/jsdom/lib/jsdom/living/events/EventTarget-impl.js:286:3)
    at HTMLUnknownElementImpl._dispatch (/Users/santoscasta/Documents/azahar/node_modules/.pnpm/jsdom@23.2.0/node_modules/jsdom/lib/jsdom/living/events/EventTarget-impl.js:233:9)
    at HTMLUnknownElementImpl.dispatchEvent (/Users/santoscasta/Documents/azahar/node_modules/.pnpm/jsdom@23.2.0/node_modules/jsdom/lib/jsdom/living/events/EventTarget-impl.js:104:17)
    at HTMLUnknownElement.dispatchEvent (/Users/santoscasta/Documents/azahar/node_modules/.pnpm/jsdom@23.2.0/node_modules/jsdom/lib/jsdom/living/generated/EventTarget.js:241:34)
    at Object.invokeGuardedCallbackDev (/Users/santoscasta/Documents/azahar/node_modules/.pnpm/react-dom@18.3.1_react@18.3.1/node_modules/react-dom/cjs/react-dom.development.js:4213:16)
    at invokeGuardedCallback (/Users/santoscasta/Documents/azahar/node_modules/.pnpm/react-dom@18.3.1_react@18.3.1/node_modules/react-dom/cjs/react-dom.development.js:4277:31)
    at beginWork$1 (/Users/santoscasta/Documents/azahar/node_modules/.pnpm/react-dom@18.3.1_react@18.3.1/node_modules/react-dom/cjs/react-dom.development.js:27490:7)
    at performUnitOfWork (/Users/santoscasta/Documents/azahar/node_modules/.pnpm/react-dom@18.3.1_react@18.3.1/node_modules/react-dom/cjs/react-dom.development.js:26599:12) Error: Could not find "store" in the context of "Connect(Droppable)". Either wrap the root component in a <Provider>, or pass a custom React context provider to <Provider> and the corresponding React context consumer to Connect(Droppable) in connect options.
    at ConnectFunction (/Users/santoscasta/Documents/azahar/node_modules/.pnpm/react-redux@9.2.0_@types+react@18.3.26_react@18.3.1_redux@5.0.1/node_modules/react-redux/src/components/connect.tsx:573:15)
    at renderWithHooks (/Users/santoscasta/Documents/azahar/node_modules/.pnpm/react-dom@18.3.1_react@18.3.1/node_modules/react-dom/cjs/react-dom.development.js:15486:18)
    at updateFunctionComponent (/Users/santoscasta/Documents/azahar/node_modules/.pnpm/react-dom@18.3.1_react@18.3.1/node_modules/react-dom/cjs/react-dom.development.js:19617:20)
    at updateSimpleMemoComponent (/Users/santoscasta/Documents/azahar/node_modules/.pnpm/react-dom@18.3.1_react@18.3.1/node_modules/react-dom/cjs/react-dom.development.js:19454:10)
    at updateMemoComponent (/Users/santoscasta/Documents/azahar/node_modules/.pnpm/react-dom@18.3.1_react@18.3.1/node_modules/react-dom/cjs/react-dom.development.js:19303:14)
    at beginWork (/Users/santoscasta/Documents/azahar/node_modules/.pnpm/react-dom@18.3.1_react@18.3.1/node_modules/react-dom/cjs/react-dom.development.js:21712:16)
    at HTMLUnknownElement.callCallback (/Users/santoscasta/Documents/azahar/node_modules/.pnpm/react-dom@18.3.1_react@18.3.1/node_modules/react-dom/cjs/react-dom.development.js:4164:14)
    at HTMLUnknownElement.callTheUserObjectsOperation (/Users/santoscasta/Documents/azahar/node_modules/.pnpm/jsdom@23.2.0/node_modules/jsdom/lib/jsdom/living/generated/EventListener.js:26:30)
    at innerInvokeEventListeners (/Users/santoscasta/Documents/azahar/node_modules/.pnpm/jsdom@23.2.0/node_modules/jsdom/lib/jsdom/living/events/EventTarget-impl.js:350:25)
    at invokeEventListeners (/Users/santoscasta/Documents/azahar/node_modules/.pnpm/jsdom@23.2.0/node_modules/jsdom/lib/jsdom/living/events/EventTarget-impl.js:286:3)
The above error occurred in the <Connect(Droppable)> component:

    at ConnectFunction (/Users/santoscasta/Documents/azahar/node_modules/.pnpm/react-redux@9.2.0_@types+react@18.3.26_react@18.3.1_redux@5.0.1/node_modules/react-redux/dist/cjs/react-redux.development.cjs:745:74)
    at div
    at div
    at div
    at ProjectBoard (/Users/santoscasta/Documents/azahar/apps/web/src/components/tasks/boards/ProjectBoard.tsx:11:3)
    at DesktopTaskBoardSwitcher (/Users/santoscasta/Documents/azahar/apps/web/src/components/tasks/boards/DesktopTaskBoardSwitcher.tsx:116:3)
    at QueryClientProvider (file:///Users/santoscasta/Documents/azahar/node_modules/.pnpm/@tanstack+react-query@5.90.8_react@18.3.1/node_modules/@tanstack/react-query/build/modern/QueryClientProvider.js:20:3)
    at Router (/Users/santoscasta/Documents/azahar/node_modules/.pnpm/react-router@6.30.1_react@18.3.1/node_modules/react-router/dist/umd/react-router.development.js:1207:17)
    at MemoryRouter (/Users/santoscasta/Documents/azahar/node_modules/.pnpm/react-router@6.30.1_react@18.3.1/node_modules/react-router/dist/umd/react-router.development.js:1101:7)

Consider adding an error boundary to your tree to customize error handling behavior.
Visit https://reactjs.org/link/error-boundaries to learn more about error boundaries.

stderr | src/components/tasks/__tests__/DesktopTaskBoardSwitcher.test.tsx > DesktopTaskBoardSwitcher > renders the area board when an area is selected
⚠️ React Router Future Flag Warning: React Router will begin wrapping state updates in `React.startTransition` in v7. You can use the `v7_startTransition` future flag to opt-in early. For more information, see https://reactrouter.com/v6/upgrading/future#v7_starttransition.
⚠️ React Router Future Flag Warning: Relative route resolution within Splat routes is changing in v7. You can use the `v7_relativeSplatPath` future flag to opt-in early. For more information, see https://reactrouter.com/v6/upgrading/future#v7_relativesplatpath.

 ❯ src/components/tasks/__tests__/DesktopTaskBoardSwitcher.test.tsx  (3 tests | 1 failed) 296ms
   ❯ src/components/tasks/__tests__/DesktopTaskBoardSwitcher.test.tsx > DesktopTaskBoardSwitcher > renders the project board when a project is selected
     → Could not find "store" in the context of "Connect(Droppable)". Either wrap the root component in a <Provider>, or pass a custom React context provider to <Provider> and the corresponding React context consumer to Connect(Droppable) in connect options.
stderr | src/pages/LoginPage.test.tsx > LoginPage > renders branding and form fields
⚠️ React Router Future Flag Warning: React Router will begin wrapping state updates in `React.startTransition` in v7. You can use the `v7_startTransition` future flag to opt-in early. For more information, see https://reactrouter.com/v6/upgrading/future#v7_starttransition.
⚠️ React Router Future Flag Warning: Relative route resolution within Splat routes is changing in v7. You can use the `v7_relativeSplatPath` future flag to opt-in early. For more information, see https://reactrouter.com/v6/upgrading/future#v7_relativesplatpath.

 ✓ src/__tests__/TasksPage.desktop.test.tsx  (2 tests) 535ms
 ✓ src/pages/TasksPage.search.test.ts  (6 tests) 13ms
 ✓ src/pages/__tests__/tasksSelectors.context.test.ts  (3 tests) 4ms
 ✓ src/pages/LoginPage.test.tsx  (10 tests) 1606ms
 ✓ src/hooks/useCreationHooks.test.ts  (3 tests) 22ms
stderr | src/components/tasks/__tests__/ProjectBoard.test.tsx > ProjectBoard > renders headings and triggers handlers
Error: Uncaught [Error: Could not find "store" in the context of "Connect(Droppable)". Either wrap the root component in a <Provider>, or pass a custom React context provider to <Provider> and the corresponding React context consumer to Connect(Droppable) in connect options.]
    at reportException (/Users/santoscasta/Documents/azahar/node_modules/.pnpm/jsdom@23.2.0/node_modules/jsdom/lib/jsdom/living/helpers/runtime-script-errors.js:66:24)
    at innerInvokeEventListeners (/Users/santoscasta/Documents/azahar/node_modules/.pnpm/jsdom@23.2.0/node_modules/jsdom/lib/jsdom/living/events/EventTarget-impl.js:353:9)
    at invokeEventListeners (/Users/santoscasta/Documents/azahar/node_modules/.pnpm/jsdom@23.2.0/node_modules/jsdom/lib/jsdom/living/events/EventTarget-impl.js:286:3)
    at HTMLUnknownElementImpl._dispatch (/Users/santoscasta/Documents/azahar/node_modules/.pnpm/jsdom@23.2.0/node_modules/jsdom/lib/jsdom/living/events/EventTarget-impl.js:233:9)
    at HTMLUnknownElementImpl.dispatchEvent (/Users/santoscasta/Documents/azahar/node_modules/.pnpm/jsdom@23.2.0/node_modules/jsdom/lib/jsdom/living/events/EventTarget-impl.js:104:17)
    at HTMLUnknownElement.dispatchEvent (/Users/santoscasta/Documents/azahar/node_modules/.pnpm/jsdom@23.2.0/node_modules/jsdom/lib/jsdom/living/generated/EventTarget.js:241:34)
    at Object.invokeGuardedCallbackDev (/Users/santoscasta/Documents/azahar/node_modules/.pnpm/react-dom@18.3.1_react@18.3.1/node_modules/react-dom/cjs/react-dom.development.js:4213:16)
    at invokeGuardedCallback (/Users/santoscasta/Documents/azahar/node_modules/.pnpm/react-dom@18.3.1_react@18.3.1/node_modules/react-dom/cjs/react-dom.development.js:4277:31)
    at beginWork$1 (/Users/santoscasta/Documents/azahar/node_modules/.pnpm/react-dom@18.3.1_react@18.3.1/node_modules/react-dom/cjs/react-dom.development.js:27490:7)
    at performUnitOfWork (/Users/santoscasta/Documents/azahar/node_modules/.pnpm/react-dom@18.3.1_react@18.3.1/node_modules/react-dom/cjs/react-dom.development.js:26599:12) Error: Could not find "store" in the context of "Connect(Droppable)". Either wrap the root component in a <Provider>, or pass a custom React context provider to <Provider> and the corresponding React context consumer to Connect(Droppable) in connect options.
    at ConnectFunction (/Users/santoscasta/Documents/azahar/node_modules/.pnpm/react-redux@9.2.0_@types+react@18.3.26_react@18.3.1_redux@5.0.1/node_modules/react-redux/src/components/connect.tsx:573:15)
    at renderWithHooks (/Users/santoscasta/Documents/azahar/node_modules/.pnpm/react-dom@18.3.1_react@18.3.1/node_modules/react-dom/cjs/react-dom.development.js:15486:18)
    at updateFunctionComponent (/Users/santoscasta/Documents/azahar/node_modules/.pnpm/react-dom@18.3.1_react@18.3.1/node_modules/react-dom/cjs/react-dom.development.js:19617:20)
    at updateSimpleMemoComponent (/Users/santoscasta/Documents/azahar/node_modules/.pnpm/react-dom@18.3.1_react@18.3.1/node_modules/react-dom/cjs/react-dom.development.js:19454:10)
    at updateMemoComponent (/Users/santoscasta/Documents/azahar/node_modules/.pnpm/react-dom@18.3.1_react@18.3.1/node_modules/react-dom/cjs/react-dom.development.js:19303:14)
    at beginWork (/Users/santoscasta/Documents/azahar/node_modules/.pnpm/react-dom@18.3.1_react@18.3.1/node_modules/react-dom/cjs/react-dom.development.js:21712:16)
    at HTMLUnknownElement.callCallback (/Users/santoscasta/Documents/azahar/node_modules/.pnpm/react-dom@18.3.1_react@18.3.1/node_modules/react-dom/cjs/react-dom.development.js:4164:14)
    at HTMLUnknownElement.callTheUserObjectsOperation (/Users/santoscasta/Documents/azahar/node_modules/.pnpm/jsdom@23.2.0/node_modules/jsdom/lib/jsdom/living/generated/EventListener.js:26:30)
    at innerInvokeEventListeners (/Users/santoscasta/Documents/azahar/node_modules/.pnpm/jsdom@23.2.0/node_modules/jsdom/lib/jsdom/living/events/EventTarget-impl.js:350:25)
    at invokeEventListeners (/Users/santoscasta/Documents/azahar/node_modules/.pnpm/jsdom@23.2.0/node_modules/jsdom/lib/jsdom/living/events/EventTarget-impl.js:286:3)
Error: Uncaught [Error: Could not find "store" in the context of "Connect(Droppable)". Either wrap the root component in a <Provider>, or pass a custom React context provider to <Provider> and the corresponding React context consumer to Connect(Droppable) in connect options.]
    at reportException (/Users/santoscasta/Documents/azahar/node_modules/.pnpm/jsdom@23.2.0/node_modules/jsdom/lib/jsdom/living/helpers/runtime-script-errors.js:66:24)
    at innerInvokeEventListeners (/Users/santoscasta/Documents/azahar/node_modules/.pnpm/jsdom@23.2.0/node_modules/jsdom/lib/jsdom/living/events/EventTarget-impl.js:353:9)
    at invokeEventListeners (/Users/santoscasta/Documents/azahar/node_modules/.pnpm/jsdom@23.2.0/node_modules/jsdom/lib/jsdom/living/events/EventTarget-impl.js:286:3)
    at HTMLUnknownElementImpl._dispatch (/Users/santoscasta/Documents/azahar/node_modules/.pnpm/jsdom@23.2.0/node_modules/jsdom/lib/jsdom/living/events/EventTarget-impl.js:233:9)
    at HTMLUnknownElementImpl.dispatchEvent (/Users/santoscasta/Documents/azahar/node_modules/.pnpm/jsdom@23.2.0/node_modules/jsdom/lib/jsdom/living/events/EventTarget-impl.js:104:17)
    at HTMLUnknownElement.dispatchEvent (/Users/santoscasta/Documents/azahar/node_modules/.pnpm/jsdom@23.2.0/node_modules/jsdom/lib/jsdom/living/generated/EventTarget.js:241:34)
    at Object.invokeGuardedCallbackDev (/Users/santoscasta/Documents/azahar/node_modules/.pnpm/react-dom@18.3.1_react@18.3.1/node_modules/react-dom/cjs/react-dom.development.js:4213:16)
    at invokeGuardedCallback (/Users/santoscasta/Documents/azahar/node_modules/.pnpm/react-dom@18.3.1_react@18.3.1/node_modules/react-dom/cjs/react-dom.development.js:4277:31)
    at beginWork$1 (/Users/santoscasta/Documents/azahar/node_modules/.pnpm/react-dom@18.3.1_react@18.3.1/node_modules/react-dom/cjs/react-dom.development.js:27490:7)
    at performUnitOfWork (/Users/santoscasta/Documents/azahar/node_modules/.pnpm/react-dom@18.3.1_react@18.3.1/node_modules/react-dom/cjs/react-dom.development.js:26599:12) Error: Could not find "store" in the context of "Connect(Droppable)". Either wrap the root component in a <Provider>, or pass a custom React context provider to <Provider> and the corresponding React context consumer to Connect(Droppable) in connect options.
    at ConnectFunction (/Users/santoscasta/Documents/azahar/node_modules/.pnpm/react-redux@9.2.0_@types+react@18.3.26_react@18.3.1_redux@5.0.1/node_modules/react-redux/src/components/connect.tsx:573:15)
    at renderWithHooks (/Users/santoscasta/Documents/azahar/node_modules/.pnpm/react-dom@18.3.1_react@18.3.1/node_modules/react-dom/cjs/react-dom.development.js:15486:18)
    at updateFunctionComponent (/Users/santoscasta/Documents/azahar/node_modules/.pnpm/react-dom@18.3.1_react@18.3.1/node_modules/react-dom/cjs/react-dom.development.js:19617:20)
    at updateSimpleMemoComponent (/Users/santoscasta/Documents/azahar/node_modules/.pnpm/react-dom@18.3.1_react@18.3.1/node_modules/react-dom/cjs/react-dom.development.js:19454:10)
    at updateMemoComponent (/Users/santoscasta/Documents/azahar/node_modules/.pnpm/react-dom@18.3.1_react@18.3.1/node_modules/react-dom/cjs/react-dom.development.js:19303:14)
    at beginWork (/Users/santoscasta/Documents/azahar/node_modules/.pnpm/react-dom@18.3.1_react@18.3.1/node_modules/react-dom/cjs/react-dom.development.js:21712:16)
    at HTMLUnknownElement.callCallback (/Users/santoscasta/Documents/azahar/node_modules/.pnpm/react-dom@18.3.1_react@18.3.1/node_modules/react-dom/cjs/react-dom.development.js:4164:14)
    at HTMLUnknownElement.callTheUserObjectsOperation (/Users/santoscasta/Documents/azahar/node_modules/.pnpm/jsdom@23.2.0/node_modules/jsdom/lib/jsdom/living/generated/EventListener.js:26:30)
    at innerInvokeEventListeners (/Users/santoscasta/Documents/azahar/node_modules/.pnpm/jsdom@23.2.0/node_modules/jsdom/lib/jsdom/living/events/EventTarget-impl.js:350:25)
    at invokeEventListeners (/Users/santoscasta/Documents/azahar/node_modules/.pnpm/jsdom@23.2.0/node_modules/jsdom/lib/jsdom/living/events/EventTarget-impl.js:286:3)
The above error occurred in the <Connect(Droppable)> component:

    at ConnectFunction (/Users/santoscasta/Documents/azahar/node_modules/.pnpm/react-redux@9.2.0_@types+react@18.3.26_react@18.3.1_redux@5.0.1/node_modules/react-redux/dist/cjs/react-redux.development.cjs:745:74)
    at div
    at div
    at div
    at ProjectBoard (/Users/santoscasta/Documents/azahar/apps/web/src/components/tasks/boards/ProjectBoard.tsx:11:3)
    at QueryClientProvider (file:///Users/santoscasta/Documents/azahar/node_modules/.pnpm/@tanstack+react-query@5.90.8_react@18.3.1/node_modules/@tanstack/react-query/build/modern/QueryClientProvider.js:20:3)
    at Router (/Users/santoscasta/Documents/azahar/node_modules/.pnpm/react-router@6.30.1_react@18.3.1/node_modules/react-router/dist/umd/react-router.development.js:1207:17)
    at MemoryRouter (/Users/santoscasta/Documents/azahar/node_modules/.pnpm/react-router@6.30.1_react@18.3.1/node_modules/react-router/dist/umd/react-router.development.js:1101:7)

Consider adding an error boundary to your tree to customize error handling behavior.
Visit https://reactjs.org/link/error-boundaries to learn more about error boundaries.

 ❯ src/components/tasks/__tests__/ProjectBoard.test.tsx  (1 test | 1 failed) 49ms
   ❯ src/components/tasks/__tests__/ProjectBoard.test.tsx > ProjectBoard > renders headings and triggers handlers
     → Could not find "store" in the context of "Connect(Droppable)". Either wrap the root component in a <Provider>, or pass a custom React context provider to <Provider> and the corresponding React context consumer to Connect(Droppable) in connect options.
stderr | src/__tests__/TasksPage.mobile.test.tsx > TasksPage mobile quick-add > saves a task from the mobile creation sheet
⚠️ React Router Future Flag Warning: React Router will begin wrapping state updates in `React.startTransition` in v7. You can use the `v7_startTransition` future flag to opt-in early. For more information, see https://reactrouter.com/v6/upgrading/future#v7_starttransition.
⚠️ React Router Future Flag Warning: Relative route resolution within Splat routes is changing in v7. You can use the `v7_relativeSplatPath` future flag to opt-in early. For more information, see https://reactrouter.com/v6/upgrading/future#v7_relativesplatpath.

 ✓ src/components/mobile/__tests__/MobileTasksPane.test.tsx  (1 test) 356ms
stderr | src/components/mobile/__tests__/MobileTasksPane.test.tsx > MobileTasksPane > renders search, header, filters, and task board content
⚠️ React Router Future Flag Warning: React Router will begin wrapping state updates in `React.startTransition` in v7. You can use the `v7_startTransition` future flag to opt-in early. For more information, see https://reactrouter.com/v6/upgrading/future#v7_starttransition.
⚠️ React Router Future Flag Warning: Relative route resolution within Splat routes is changing in v7. You can use the `v7_relativeSplatPath` future flag to opt-in early. For more information, see https://reactrouter.com/v6/upgrading/future#v7_relativesplatpath.

 ✓ src/components/tasks/__tests__/DesktopDraftCard.test.tsx  (2 tests) 92ms
 ✓ src/components/mobile/MobileDraftCard.test.tsx  (2 tests) 394ms
 ✓ src/components/tasks/__tests__/TaskDatePickerOverlay.test.tsx  (3 tests) 18ms
 ✓ src/__tests__/TasksPage.mobile.test.tsx  (1 test) 1110ms
 ✓ src/lib/scheduleUtils.test.ts  (8 tests) 4ms
 ✓ src/hooks/useTaskCreation.test.ts  (3 tests) 24ms
 ✓ src/components/tasks/__tests__/MoveTaskSheet.test.tsx  (2 tests) 107ms
 ✓ src/components/tasks/__tests__/TaskCreationModal.test.tsx  (2 tests) 662ms
 ✓ src/components/mobile/__tests__/MobileDraftFlow.test.tsx  (1 test) 336ms
 ✓ src/components/tasks/__tests__/QuickViewBoard.test.tsx  (1 test) 85ms
stderr | src/components/tasks/__tests__/QuickViewBoard.test.tsx > QuickViewBoard > renders groups and triggers callbacks
⚠️ React Router Future Flag Warning: React Router will begin wrapping state updates in `React.startTransition` in v7. You can use the `v7_startTransition` future flag to opt-in early. For more information, see https://reactrouter.com/v6/upgrading/future#v7_starttransition.
⚠️ React Router Future Flag Warning: Relative route resolution within Splat routes is changing in v7. You can use the `v7_relativeSplatPath` future flag to opt-in early. For more information, see https://reactrouter.com/v6/upgrading/future#v7_relativesplatpath.

 ✓ src/lib/settingsStore.test.ts  (4 tests) 10ms
 ✓ src/lib/checklistNotes.test.ts  (3 tests) 10ms
 ✓ src/components/tasks/__tests__/AreaBoard.test.tsx  (1 test) 67ms
stderr | src/components/tasks/__tests__/AreaBoard.test.tsx > AreaBoard > renders projects and tasks
⚠️ React Router Future Flag Warning: React Router will begin wrapping state updates in `React.startTransition` in v7. You can use the `v7_startTransition` future flag to opt-in early. For more information, see https://reactrouter.com/v6/upgrading/future#v7_starttransition.
⚠️ React Router Future Flag Warning: Relative route resolution within Splat routes is changing in v7. You can use the `v7_relativeSplatPath` future flag to opt-in early. For more information, see https://reactrouter.com/v6/upgrading/future#v7_relativesplatpath.

 ✓ src/components/tasks/__tests__/DatePickerOverlay.test.tsx  (2 tests) 2421ms
 ✓ src/components/tasks/__tests__/DesktopDock.test.tsx  (1 test) 46ms
stderr | src/components/mobile/__tests__/MobileTaskBoard.test.tsx > MobileTaskBoard > renders the task list and the show more button when available
⚠️ React Router Future Flag Warning: React Router will begin wrapping state updates in `React.startTransition` in v7. You can use the `v7_startTransition` future flag to opt-in early. For more information, see https://reactrouter.com/v6/upgrading/future#v7_starttransition.
⚠️ React Router Future Flag Warning: Relative route resolution within Splat routes is changing in v7. You can use the `v7_relativeSplatPath` future flag to opt-in early. For more information, see https://reactrouter.com/v6/upgrading/future#v7_relativesplatpath.

 ✓ src/components/mobile/__tests__/MobileTaskBoard.test.tsx  (2 tests) 46ms
 ✓ src/lib/mobileDraftUtils.test.ts  (1 test) 3ms
 ✓ src/components/mobile/__tests__/MobileFab.test.tsx  (1 test) 26ms

⎯⎯⎯⎯⎯⎯⎯ Failed Tests 2 ⎯⎯⎯⎯⎯⎯⎯

 FAIL  src/components/tasks/__tests__/DesktopTaskBoardSwitcher.test.tsx > DesktopTaskBoardSwitcher > renders the project board when a project is selected
 FAIL  src/components/tasks/__tests__/ProjectBoard.test.tsx > ProjectBoard > renders headings and triggers handlers
Error: Could not find "store" in the context of "Connect(Droppable)". Either wrap the root component in a <Provider>, or pass a custom React context provider to <Provider> and the corresponding React context consumer to Connect(Droppable) in connect options.
 ❯ ConnectFunction ../../node_modules/.pnpm/react-redux@9.2.0_@types+react@18.3.26_react@18.3.1_redux@5.0.1/node_modules/react-redux/src/components/connect.tsx:573:15
 ❯ renderWithHooks ../../node_modules/.pnpm/react-dom@18.3.1_react@18.3.1/node_modules/react-dom/cjs/react-dom.development.js:15486:18
 ❯ updateFunctionComponent ../../node_modules/.pnpm/react-dom@18.3.1_react@18.3.1/node_modules/react-dom/cjs/react-dom.development.js:19617:20
 ❯ updateSimpleMemoComponent ../../node_modules/.pnpm/react-dom@18.3.1_react@18.3.1/node_modules/react-dom/cjs/react-dom.development.js:19454:10
 ❯ updateMemoComponent ../../node_modules/.pnpm/react-dom@18.3.1_react@18.3.1/node_modules/react-dom/cjs/react-dom.development.js:19303:14
 ❯ beginWork ../../node_modules/.pnpm/react-dom@18.3.1_react@18.3.1/node_modules/react-dom/cjs/react-dom.development.js:21712:16
 ❯ beginWork$1 ../../node_modules/.pnpm/react-dom@18.3.1_react@18.3.1/node_modules/react-dom/cjs/react-dom.development.js:27465:14
 ❯ performUnitOfWork ../../node_modules/.pnpm/react-dom@18.3.1_react@18.3.1/node_modules/react-dom/cjs/react-dom.development.js:26599:12
 ❯ workLoopSync ../../node_modules/.pnpm/react-dom@18.3.1_react@18.3.1/node_modules/react-dom/cjs/react-dom.development.js:26505:5
 ❯ renderRootSync ../../node_modules/.pnpm/react-dom@18.3.1_react@18.3.1/node_modules/react-dom/cjs/react-dom.development.js:26473:7

⎯⎯⎯⎯⎯⎯⎯⎯⎯⎯⎯⎯⎯⎯⎯⎯⎯⎯⎯⎯⎯⎯⎯⎯[1/2]⎯

 Test Files  2 failed | 27 passed (29)
      Tests  2 failed | 81 passed (83)
   Start at  22:41:10
   Duration  9.80s (transform 1.01s, setup 0ms, collect 12.06s, tests 8.45s, environment 19.21s, prepare 3.37s)

 ELIFECYCLE  Command failed with exit code 1.
 ELIFECYCLE  Test failed. See above for more details.
